2026-09-17 17:39:45,489 - INFO - Dataset already present at artifacts/data_ingestion/raw/creditcard.csv. Skipping download.
2026-09-17 17:39:45,489 - INFO - Raw data downloaded to: artifacts/data_ingestion/raw/creditcard.csv
2026-09-17 17:40:32,882 - INFO - Dataset already present at artifacts/data_ingestion/raw/creditcard.csv. Skipping download.
2026-09-17 17:40:32,882 - INFO - Raw data downloaded to: artifacts/data_ingestion/raw/creditcard.csv
2026-09-17 17:41:52,113 - INFO - Downloading mlg-ulb/creditcardfraud via kagglehub...
2026-09-17 17:41:52,743 - INFO - Downloaded to temporary cache: /Users/arpitagrawal/.cache/kagglehub/datasets/mlg-ulb/creditcardfraud/versions/3
2026-09-17 17:41:52,892 - INFO - Copied raw dataset to: artifacts/data_ingestion/raw/creditcard.csv
2026-09-17 17:41:52,892 - INFO - Raw data downloaded to: artifacts/data_ingestion/raw/creditcard.csv
2026-09-17 17:42:56,799 - INFO - Dataset already present at artifacts/data_ingestion/raw/creditcard.csv. Skipping download.
2026-09-17 17:42:56,799 - INFO - Raw data downloaded to: artifacts/data_ingestion/raw/creditcard.csv
2026-09-17 17:44:19,243 - INFO - Dataset already present at artifacts/data_ingestion/raw/creditcard.csv. Skipping download.
2026-09-17 17:44:19,243 - INFO - Raw data downloaded to: artifacts/data_ingestion/raw/creditcard.csv
2026-09-17 17:46:05,128 - INFO - Dataset already present at artifacts/data_ingestion/raw/creditcard.csv. Skipping download.
2026-09-17 17:46:05,129 - INFO - Raw data downloaded to: artifacts/data_ingestion/raw/creditcard.csv
2026-09-17 17:46:05,129 - INFO - Starting data preparation...
2026-09-17 17:46:06,288 - INFO - Transforming cyclical Time features
2026-09-17 17:46:06,325 - INFO - Executing stratified split with test_size=0.2
2026-09-17 17:46:06,445 - INFO - Fitting RobustScaler on X_train['Amount']
2026-09-17 17:46:06,483 - INFO - Saved preprocessor to artifacts/data_preparation/preprocessor.joblib
2026-09-17 17:46:06,483 - INFO - Applying BorderlineSMOTE resampling to training set only
2026-09-17 17:46:08,361 - INFO - Successfully saved train ((454902, 32)) and test ((56962, 32)) parquet files.
2026-09-17 17:46:08,361 - INFO - Data preparation completed.
2026-09-17 17:47:33,545 - INFO - Dataset already present at artifacts/data_ingestion/raw/creditcard.csv. Skipping download.
2026-09-17 17:47:33,545 - INFO - Raw data downloaded to: artifacts/data_ingestion/raw/creditcard.csv
2026-09-17 17:47:33,545 - INFO - Starting data preparation...
2026-09-17 17:47:34,773 - INFO - Transforming cyclical Time features
2026-09-17 17:47:34,816 - INFO - Executing stratified split with test_size=0.2
2026-09-17 17:47:34,937 - INFO - Fitting RobustScaler on X_train['Amount']
2026-09-17 17:47:34,973 - INFO - Saved preprocessor to artifacts/data_preparation/preprocessor.joblib
2026-09-17 17:47:34,973 - INFO - Applying BorderlineSMOTE resampling to training set only
2026-09-17 17:47:36,986 - INFO - Successfully saved train ((454902, 32)) and test ((56962, 32)) parquet files.
2026-09-17 17:47:36,987 - INFO - Data preparation completed.
2026-09-17 17:47:37,021 - INFO - Data prepared. Train data at: artifacts/data_preparation/train.parquet, Test data at: artifacts/data_preparation/test.parquet
2026-09-17 17:59:54,536 - INFO - Dataset already present at artifacts/data_ingestion/raw/creditcard.csv. Skipping download.
2026-09-17 17:59:54,536 - INFO - Raw data downloaded to: artifacts/data_ingestion/raw/creditcard.csv
2026-09-17 17:59:54,536 - INFO - Starting data preparation...
2026-09-17 17:59:55,690 - INFO - Transforming cyclical Time features
2026-09-17 17:59:55,726 - INFO - Executing stratified split with test_size=0.2
2026-09-17 17:59:55,849 - INFO - Fitting RobustScaler on X_train['Amount']
2026-09-17 17:59:55,883 - INFO - Saved preprocessor to artifacts/data_preparation/preprocessor.joblib
2026-09-17 17:59:55,883 - INFO - Applying BorderlineSMOTE resampling to training set only
2026-09-17 17:59:57,459 - INFO - Successfully saved train ((454902, 32)) and test ((56962, 32)) parquet files.
2026-09-17 17:59:57,460 - INFO - Data preparation completed.
2026-09-17 17:59:57,480 - INFO - Data prepared. Train data at: artifacts/data_preparation/train.parquet, Test data at: artifacts/data_preparation/test.parquet
2026-09-17 17:59:57,481 - INFO - Loading training data from artifacts/data_preparation/train.parquet
2026-09-17 17:59:57,987 - INFO - Training shapes: X_train=(454902, 31), X_test=(56962, 31)
2026-09-17 17:59:57,988 - INFO - Fitting model...
2026-09-17 18:00:01,287 - INFO - Model saved at: artifacts/data_training/model.joblib
2026-09-17 18:00:01,456 - INFO - Training metrics saved at artifacts/data_training/metrics.json: {'roc_auc': 0.9748784784031789, 'pr_auc': 0.8459004870503066, 'f1_score': 0.7363636363636363}
